LOGIN RESPONSE: {
  message: 'Login Successful',
  token: 'eyJhbGciOiJIUzI1NiIsInR5cCI6IkpXVCJ9.eyJlbXBsb3llZUlkIjoiODAxIiwicm9sZSI6IkVtcGxveWVlIiwiZGVwdCI6IkNTRSIsInRlYWNoaW5nWWVhciI6IjFzdCB5ciIsImZpcnN0TmFtZSI6IkNTRSAxc3QiLCJsYXN0TmFtZSI6IlRlYWNoZXIgMSIsImlhdCI6MTc3MjgyMjY0OCwiZXhwIjoxNzcyOTA5MDQ4fQ.G5H0pEZeSjc7YqLWXN-BqBf3R5HZMe13CMP6Flwcayo',
  user: {
    employeeId: '801',
    firstName: 'CSE 1st',
    lastName: 'Teacher 1',
    role: 'Employee',
    department: 'CSE'
  }
}
--- SCENARIO 1 ---
25th Half Day: {
  message: 'Leave applied successfully!',
  leaveId: '69ab2078c24edaf1d5b10292'
}
28th Full Day: User not found
node : TypeError: Cannot read 
properties of null (reading 
'days')
At line:1 char:1
+ node test_sandwich.js > 
test_output.txt 2>&1 ; cat 
test_output.txt
+ ~~~~~~~~~~~~~~~~~~~~~~~~~~~~~~~
~~~~~~~~~~~~~
    + CategoryInfo          : No 
   tSpecified: (TypeError: Cann  
  ...reading 'days'):String) [   
 ], RemoteException
    + FullyQualifiedErrorId : Na 
   tiveCommandError
 
    at runTest (C:\Users\sathw\On
eDrive\Desktop\projectelms\elmspr
ojectw\elms\backend\test_sandwich
.js:73:65)
    at process.processTicksAndRej
ections (node:internal/process/ta
sk_queues:105:5)
